gitserve
scope: repository
host: https://github.com/m-col/gitserve
repos: gitserve
name: gitserve
description: 🐙 Templated web page generator for your git repositories
commits: (skipped)
tree: (skipped)
tags: 1
branches: 1
readme.path: README.rst
license.path: LICENSE
