Printy print template error messages
scope: commit
commit: Printy print template error messages
commit.id: 0292014748caae952bbc8dd6225680d83c0a5135
commit.title: Printy print template error messages
commit.body: 
commit.message: Printy print template error messages
commit.author: mcol
commit.committer: mcol
commit.author_email: mcol@posteo.net
commit.committer_email: mcol@posteo.net
commit.authored: 2021-11-25 00:05:26 +0000
commit.committed: 2021-11-25 00:05:26 +0000
commit.encoding: utf-8
commit.parent: 143fdb3b66c85512696406fab8d3ba525bffc675
