test/templates/style.css
scope: file
file: test/templates/style.css
file.path: test/templates/style.css
file.href: test.templates.style.css.html
file.contents: ðŸ‘„
file.mode: Plain
file.mode_octal: 00644
file.mode_symbolic: -rw-r--r--
if file.is_directory then "directory" else "file": "file"