test/expected/gitserve/file
scope: file
file: test/expected/gitserve/file
file.path: test/expected/gitserve/file
file.href: test.expected.gitserve.file.html
file.contents: [&quot;test/expected/gitserve/file/test.expected.gitserve.file.html&quot;,&quot;test/expected/gitserve/file/test.templates.style.css.html&quot;]
file.mode: Directory
file.mode_octal: 40000
file.mode_symbolic: drwxr-xr-x
if file.is_directory then "directory" else "file": "directory"

file scope also should have data from repo scope available:
host: https://github.com/m-col/gitserve
repos: gitserve
name: gitserve
description: üêô Templated web page generator for your git repositories
commits: (skipped)
tree: (skipped)
tags: (skipped)
branches: master
    branches[0].name: master
readme.path: README.rst
license.path: LICENSE
