test/templates
scope: file
file: test/templates
file.path: test/templates
file.href: test.templates.html
file.contents: [&quot;test/templates/index.html&quot;,&quot;test/templates/repo&quot;,&quot;test/templates/repo/commit.html&quot;,&quot;test/templates/repo/file.html&quot;,&quot;test/templates/repo/index.html&quot;,&quot;test/templates/static&quot;,&quot;test/templates/static/a_nice_file&quot;,&quot;test/templates/style.css&quot;,&quot;test/templates/title.html.include&quot;]
file.mode: Directory
file.mode_octal: 40000
file.mode_symbolic: drwxr-xr-x
if file.is_directory then "directory" else "file": "directory"