https://github.com/m-col/gitserve
scope: index
host: https://github.com/m-col/gitserve
repositories: gitserve
    repositories[0]: gitserve
    repositories[0].name: gitserve
    repositories[0].description: 🐙 Templated web page generator for your git repositories
